<testsuite errors="0" failures="0" name="Django Project Tests" skips="0" tests="5" time="0.466"><testcase classname="listings.tests.ListingModelTests" name="test_listing_creation" time="0.101478" /><testcase classname="listings.tests.ListingViewsTests" name="test_listing_detail_view" time="0.280597" /><testcase classname="listings.tests.ListingViewsTests" name="test_listing_list_view" time="0.017762" /><testcase classname="listings.tests.ListingViewsTests" name="test_report_detail_view" time="0.019720" /><testcase classname="listings.tests.ReportModelTests" name="test_report_creation" time="0.003987" /></testsuite>